// Vitest Snapshot v1, https://vitest.dev/guide/snapshot.html

exports[`NavigationCards.vue > 渲染結果應與快照一致 1`] = `
"<section data-v-815b8259="" id="navigation-cards" class="py-20">
  <div data-v-815b8259="" class="container-main">
    <div data-v-815b8259="" class="flex items-center gap-4 mb-12"><span data-v-815b8259="" class="font-mono text-xs text-text-muted/40">001</span>
      <h2 data-v-815b8259="" class="font-display text-2xl font-bold tracking-tight">探索更多</h2>
      <div data-v-815b8259="" class="flex-1 h-px bg-border-subtle"></div>
    </div>
    <div data-v-815b8259="" class="puzzle-grid">
      <nuxtlink data-v-815b8259="" to="/github" class="puzzle-card group top-left">
        <div data-v-815b8259="" class="card-inner">
          <puzzlecardheader data-v-815b8259="" filename="github.ts"></puzzlecardheader>
          <h3 data-v-815b8259="" class="font-display text-lg font-semibold text-text-primary mb-2">Github 專案搜索器</h3>
          <p data-v-815b8259="" class="text-text-secondary text-sm leading-relaxed mb-4">搜尋與探索我的開源專案，支援關鍵字模糊搜尋與程式語言篩選。</p>
          <puzzlecardfooter data-v-815b8259="" tags="repos,search"></puzzlecardfooter>
        </div>
      </nuxtlink>
      <div data-v-815b8259="" class="puzzle-center">
        <div data-v-815b8259="" class="center-inner">
          <div class="flex items-center gap-2 mb-5" data-v-815b8259="">
            <div class="flex gap-1.5" data-v-815b8259=""><span class="w-2 h-2 rounded-full bg-text-muted/20" data-v-815b8259=""></span><span class="w-2 h-2 rounded-full bg-text-muted/20" data-v-815b8259=""></span><span class="w-2 h-2 rounded-full bg-text-muted/20" data-v-815b8259=""></span></div><span class="font-mono text-xs text-text-muted/60" data-v-815b8259="">about.md</span>
          </div>
          <div class="flex items-center gap-4 mb-5" data-v-815b8259="">
            <div class="w-14 h-14 rounded-full border border-border-default bg-surface-elevated flex items-center justify-center font-display text-xl font-bold text-text-secondary" data-v-815b8259="">JL</div>
            <div data-v-815b8259="">
              <h3 class="font-display text-lg font-bold text-text-primary" data-v-815b8259="">Jeff Lin</h3>
              <p class="font-mono text-xs text-text-muted" data-v-815b8259="">Full-Stack Developer</p>
            </div>
          </div>
          <p class="text-text-secondary text-sm leading-relaxed mb-5" data-v-815b8259="">熱衷於打造高品質的網頁應用程式，專注於使用者體驗與程式碼品質。從前端到後端，從雲端到 DevOps，持續學習與精進。</p>
          <div data-v-815b8259="" class="flex flex-wrap gap-2"><span data-v-815b8259="" class="px-2.5 py-1 text-xs font-mono text-text-muted border border-border-subtle rounded-pill">Vue</span><span data-v-815b8259="" class="px-2.5 py-1 text-xs font-mono text-text-muted border border-border-subtle rounded-pill">Nuxt</span><span data-v-815b8259="" class="px-2.5 py-1 text-xs font-mono text-text-muted border border-border-subtle rounded-pill">TypeScript</span><span data-v-815b8259="" class="px-2.5 py-1 text-xs font-mono text-text-muted border border-border-subtle rounded-pill">Node.js</span><span data-v-815b8259="" class="px-2.5 py-1 text-xs font-mono text-text-muted border border-border-subtle rounded-pill">Cloudflare</span><span data-v-815b8259="" class="px-2.5 py-1 text-xs font-mono text-text-muted border border-border-subtle rounded-pill">Tailwind</span></div>
        </div>
      </div>
      <nuxtlink data-v-815b8259="" to="/about" class="puzzle-card group top-right">
        <div data-v-815b8259="" class="card-inner">
          <puzzlecardheader data-v-815b8259="" filename="skills.ts"></puzzlecardheader>
          <h3 data-v-815b8259="" class="font-display text-lg font-semibold text-text-primary mb-2">關於我</h3>
          <p data-v-815b8259="" class="text-text-secondary text-sm leading-relaxed mb-4">了解我的背景與技術棧，從前端到後端、雲端到 DevOps。</p>
          <puzzlecardfooter data-v-815b8259="" tags="skills,experience"></puzzlecardfooter>
        </div>
      </nuxtlink>
      <nuxtlink data-v-815b8259="" to="/contact" class="puzzle-card group bottom-left">
        <div data-v-815b8259="" class="card-inner">
          <puzzlecardheader data-v-815b8259="" filename="contact.ts"></puzzlecardheader>
          <h3 data-v-815b8259="" class="font-display text-lg font-semibold text-text-primary mb-2">聯繫方式</h3>
          <p data-v-815b8259="" class="text-text-secondary text-sm leading-relaxed mb-4">想要合作或打個招呼？歡迎透過 GitHub 或 Email 聯繫我。</p>
          <puzzlecardfooter data-v-815b8259="" tags="email,github"></puzzlecardfooter>
        </div>
      </nuxtlink>
      <nuxtlink data-v-815b8259="" to="/github" class="puzzle-card group bottom-right">
        <div data-v-815b8259="" class="card-inner">
          <puzzlecardheader data-v-815b8259="" filename="featured.ts"></puzzlecardheader>
          <h3 data-v-815b8259="" class="font-display text-lg font-semibold text-text-primary mb-2">精選作品</h3>
          <p data-v-815b8259="" class="text-text-secondary text-sm leading-relaxed mb-4">精選最有代表性的作品 — 全端應用與開源貢獻。</p>
          <puzzlecardfooter data-v-815b8259="" tags="portfolio,highlights"></puzzlecardfooter>
        </div>
      </nuxtlink>
    </div>
  </div>
</section>"
`;
