// Vitest Snapshot v1, https://vitest.dev/guide/snapshot.html

exports[`EmptyState.vue > 渲染結果應與快照一致 1`] = `
"<div class="container-main py-16">
  <div class="flex flex-col items-center justify-center text-center animate-fade-in">
    <!-- Icon -->
    <div class="w-16 h-16 mb-6 flex items-center justify-center rounded-full border border-border-subtle bg-surface-secondary"><svg class="w-7 h-7 text-text-muted" viewBox="0 0 24 24" fill="none" stroke="currentColor" stroke-width="1.5" stroke-linecap="round" stroke-linejoin="round">
        <circle cx="11" cy="11" r="8"></circle>
        <path d="M21 21l-4.35-4.35"></path>
        <path d="M8 11h6"></path>
      </svg></div><!-- Message -->
    <h3 class="font-display text-lg font-semibold text-text-primary mb-2">尚無專案資料</h3>
    <p class="text-text-secondary text-sm mb-6 max-w-sm"> 資料尚未同步，請稍後再試。 </p><!-- Search suggestions -->
    <!--v-if-->
  </div>
</div>"
`;
